
Discarded input sections

 .text          0x00000000        0x0 /tmp/ccMg8UZJ.o
 .bss           0x00000000        0x0 /tmp/ccMg8UZJ.o

Memory Configuration

Name             Origin             Length             Attributes
CODE             0x00000000         0x00010000         xr
DATA             0x10000000         0x00010000         xrw
*default*        0x00000000         0xffffffff

Linker script and memory map

LOAD /tmp/ccMg8UZJ.o
                0x00000000                        SOCRV_CODE_ORIGIN = 0x0
                0x00010000                        SOCRV_CODE_LENGTH = 0x10000
                0x10000000                        SOCRV_DATA_ORIGIN = 0x10000000
                0x00010000                        SOCRV_DATA_LENGTH = 0x10000

.text           0x00000000      0x29c
 *(.text.init)
 .text.init     0x00000000      0x29c /tmp/ccMg8UZJ.o
                0x00000000                _start
 *(.text .text.*)
 *(.rodata .rodata.*)
                0x0000029c                        . = ALIGN (0x4)
                0x0000029c                        __code_end = .

.rela.dyn       0x0000029c        0x0
 .rela.text.init
                0x0000029c        0x0 /tmp/ccMg8UZJ.o

.data           0x10000000      0x100
 *(.data .data.*)
 .data          0x10000000      0x100 /tmp/ccMg8UZJ.o
                0x10000100                end_signature
                0x10000100                begin_signature
 *(.sdata .sdata.*)
                0x10000100                        . = ALIGN (0x10)
                0x10000100                        __data_end = .

.bss            0x10000100        0x0
 *(.sbss .sbss.*)
 *(.bss .bss.*)
 *(COMMON)
                0x10000100                        . = ALIGN (0x10)
                0x10000100                        __bss_end = .
                0x00000001                        ASSERT ((__code_end <= (ORIGIN (CODE) + LENGTH (CODE))), CODE region overflow)
                0x00000001                        ASSERT ((__bss_end <= (ORIGIN (DATA) + LENGTH (DATA))), DATA region overflow)
OUTPUT(build/isa-data/generated/rv32ud/fdiv/firmware.elf elf32-littleriscv)

.riscv.attributes
                0x00000000       0x3f
 .riscv.attributes
                0x00000000       0x3f /tmp/ccMg8UZJ.o
