
Discarded input sections

 .text          0x00000000        0x0 /tmp/ccR6gXEs.o
 .bss           0x00000000        0x0 /tmp/ccR6gXEs.o

Memory Configuration

Name             Origin             Length             Attributes
CODE             0x00000000         0x00020000         xr
DATA             0x00020000         0x00010000         xrw
*default*        0x00000000         0xffffffff

Linker script and memory map

LOAD /tmp/ccR6gXEs.o
                0x00000000                        SOCRV_CODE_ORIGIN = 0x0
                0x00020000                        SOCRV_CODE_LENGTH = 0x20000
                0x00020000                        SOCRV_DATA_ORIGIN = 0x20000
                0x00010000                        SOCRV_DATA_LENGTH = 0x10000

.text           0x00000000      0x358
 *(.text.init)
 .text.init     0x00000000      0x358 /tmp/ccR6gXEs.o
                0x00000000                _start
 *(.text .text.*)
                0x00000358                        . = ALIGN (0x4)
                0x00000358                        __code_end = .

.rela.dyn       0x00000358        0x0
 .rela.text.init
                0x00000358        0x0 /tmp/ccR6gXEs.o

.rodata
 *(.rodata .rodata.*)
 *(.srodata .srodata.*)

.data           0x00020000       0xf0
 *(.data .data.*)
 .data          0x00020000       0xf0 /tmp/ccR6gXEs.o
                0x000200f0                end_signature
                0x000200f0                begin_signature
 *(.sdata .sdata.*)
                0x000200f0                        . = ALIGN (0x10)
                0x000200f0                        __data_end = .

.bss            0x000200f0        0x0
 *(.sbss .sbss.*)
 *(.bss .bss.*)
 *(COMMON)
                0x000200f0                        . = ALIGN (0x10)
                0x000200f0                        __bss_end = .
                0x00000001                        ASSERT ((__code_end <= (ORIGIN (CODE) + LENGTH (CODE))), CODE region overflow)
                0x00000001                        ASSERT ((__bss_end <= (ORIGIN (DATA) + LENGTH (DATA))), DATA region overflow)
OUTPUT(build/isa-data/generated/rv32uf/fcmp/firmware.elf elf32-littleriscv)

.riscv.attributes
                0x00000000       0x3a
 .riscv.attributes
                0x00000000       0x3a /tmp/ccR6gXEs.o
