
Discarded input sections

 .text          0x00000000        0x0 /tmp/ccRJ17GD.o
 .bss           0x00000000        0x0 /tmp/ccRJ17GD.o

Memory Configuration

Name             Origin             Length             Attributes
CODE             0x00000000         0x00020000         xr
DATA             0x00020000         0x00010000         xrw
*default*        0x00000000         0xffffffff

Linker script and memory map

LOAD /tmp/ccRJ17GD.o
                0x00000000                        SOCRV_CODE_ORIGIN = 0x0
                0x00020000                        SOCRV_CODE_LENGTH = 0x20000
                0x00020000                        SOCRV_DATA_ORIGIN = 0x20000
                0x00010000                        SOCRV_DATA_LENGTH = 0x10000

.text           0x00000000      0x474
 *(.text.init)
 .text.init     0x00000000      0x474 /tmp/ccRJ17GD.o
                0x00000000                _start
 *(.text .text.*)
                0x00000474                        . = ALIGN (0x4)
                0x00000474                        __code_end = .

.rela.dyn       0x00000474        0x0
 .rela.text.init
                0x00000474        0x0 /tmp/ccRJ17GD.o

.rodata
 *(.rodata .rodata.*)
 *(.srodata .srodata.*)

.data           0x00020000      0x130
 *(.data .data.*)
 .data          0x00020000      0x130 /tmp/ccRJ17GD.o
                0x00020100                begin_signature
                0x00020130                end_signature
 *(.sdata .sdata.*)
                0x00020130                        . = ALIGN (0x10)
                0x00020130                        __data_end = .

.bss            0x00020130        0x0
 *(.sbss .sbss.*)
 *(.bss .bss.*)
 *(COMMON)
                0x00020130                        . = ALIGN (0x10)
                0x00020130                        __bss_end = .
                0x00000001                        ASSERT ((__code_end <= (ORIGIN (CODE) + LENGTH (CODE))), CODE region overflow)
                0x00000001                        ASSERT ((__bss_end <= (ORIGIN (DATA) + LENGTH (DATA))), DATA region overflow)
OUTPUT(build/isa-data/generated/rv32uf/fcvt_w/firmware.elf elf32-littleriscv)

.riscv.attributes
                0x00000000       0x3a
 .riscv.attributes
                0x00000000       0x3a /tmp/ccRJ17GD.o
