Copyright 1986-2022 Xilinx, Inc. All Rights Reserved. Copyright 2022-2023 Advanced Micro Devices, Inc. All Rights Reserved.
------------------------------------------------------------------------------------------------------------------------------------------------------------------
| Tool Version : Vivado v.2023.2 (win64) Build 4029153 Fri Oct 13 20:14:34 MDT 2023
| Date         : Thu Aug  6 20:53:03 2026
| Host         : LAPTOP-6CG4KN49 running 64-bit major release  (build 9200)
| Command      : report_drc -file E:/Resources/03_competitions/26_03_jcs/2608round/SocRV/build/vivado/kintex7-rtthread-coremark/project/reports/post_impl_drc.rpt
| Design       : fpga_top
| Device       : xc7k325tffg900-2
| Speed File   : -2
| Design State : Fully Routed
------------------------------------------------------------------------------------------------------------------------------------------------------------------

Report DRC

Table of Contents
-----------------
1. REPORT SUMMARY
2. REPORT DETAILS

1. REPORT SUMMARY
-----------------
            Netlist: netlist
          Floorplan: impl_1
      Design limits: <entire design considered>
           Ruledeck: default
             Max violations: <unlimited>
             Violations found: 46
+-----------+----------+-----------------------------------------------------+------------+
| Rule      | Severity | Description                                         | Violations |
+-----------+----------+-----------------------------------------------------+------------+
| CFGBVS-1  | Warning  | Missing CFGBVS and CONFIG_VOLTAGE Design Properties | 1          |
| CHECK-3   | Warning  | Report rule limit reached                           | 2          |
| DPIP-1    | Warning  | Input pipelining                                    | 1          |
| DPOP-1    | Warning  | PREG Output pipelining                              | 1          |
| DPOP-2    | Warning  | MREG Output pipelining                              | 1          |
| REQP-1839 | Warning  | RAMB36 async control check                          | 20         |
| REQP-1840 | Warning  | RAMB18 async control check                          | 20         |
+-----------+----------+-----------------------------------------------------+------------+

2. REPORT DETAILS
-----------------
CFGBVS-1#1 Warning
Missing CFGBVS and CONFIG_VOLTAGE Design Properties  
Neither the CFGBVS nor CONFIG_VOLTAGE voltage property is set in the current_design.  Configuration bank voltage select (CFGBVS) must be set to VCCO or GND, and CONFIG_VOLTAGE must be set to the correct configuration voltage, in order to determine the I/O voltage support for the pins in bank 0.  It is suggested to specify these either using the 'Edit Device Properties' function in the GUI or directly in the XDC file using the following syntax:

 set_property CFGBVS value1 [current_design]
 #where value1 is either VCCO or GND

 set_property CONFIG_VOLTAGE value2 [current_design]
 #where value2 is the voltage provided to configuration bank 0

Refer to the device configuration user guide for more information.
Related violations: <none>

CHECK-3#1 Warning
Report rule limit reached  
REQP-1839 rule limit reached: 20 violations have been found.
Related violations: <none>

CHECK-3#2 Warning
Report rule limit reached  
REQP-1840 rule limit reached: 20 violations have been found.
Related violations: <none>

DPIP-1#1 Warning
Input pipelining  
DSP u_soc/u_cpu/u_core/u_core/u_muldiv/u_mul/pipe1_reg input u_soc/u_cpu/u_core/u_core/u_muldiv/u_mul/pipe1_reg/B[17:0] is not pipelined. Pipelining DSP48 input will improve performance.
Related violations: <none>

DPOP-1#1 Warning
PREG Output pipelining  
DSP u_soc/u_cpu/u_core/u_core/u_muldiv/u_mul/pipe00 output u_soc/u_cpu/u_core/u_core/u_muldiv/u_mul/pipe00/P[47:0] is not pipelined (PREG=0). Pipelining the DSP48 output will improve performance and often saves power so it is suggested whenever possible to fully pipeline this function.  If this DSP48 function was inferred, it is suggested to describe an additional register stage after this function.  If the DSP48 was instantiated in the design, it is suggested to set the PREG attribute to 1.
Related violations: <none>

DPOP-2#1 Warning
MREG Output pipelining  
DSP u_soc/u_cpu/u_core/u_core/u_muldiv/u_mul/pipe0_reg multiplier stage u_soc/u_cpu/u_core/u_core/u_muldiv/u_mul/pipe0_reg/P[47:0] is not pipelined (MREG=0). Pipelining the multiplier function will improve performance and will save significant power so it is suggested whenever possible to fully pipeline this function.  If this multiplier was inferred, it is suggested to describe an additional register stage after this function.  If there is no registered adder/accumulator following the multiply function, two pipeline stages are suggested to allow both the MREG and PREG registers to be used.  If the DSP48 was instantiated in the design, it is suggested to set both the MREG and PREG attributes to 1 when performing multiply functions.
Related violations: <none>

REQP-1839#1 Warning
RAMB36 async control check  
The RAMB36E1 u_code_memory/u_inferred_bram/rsp_rdata_q_reg_0 has an input control pin u_code_memory/u_inferred_bram/rsp_rdata_q_reg_0/ADDRARDADDR[14] (net: u_code_memory/u_inferred_bram/ADDRARDADDR[13]) which is driven by a register (u_clock_reset/u_reset_sync/sync_q_reg[1]) that has an active asychronous set or reset. This may cause corruption of the memory contents and/or read values when the set/reset is asserted and is not analyzed by the default static timing analysis. It is suggested to eliminate the use of a set/reset to registers driving this RAMB pin or else use a synchronous reset in which the assertion of the reset is timed by default.
Related violations: <none>

REQP-1839#2 Warning
RAMB36 async control check  
The RAMB36E1 u_code_memory/u_inferred_bram/rsp_rdata_q_reg_0 has an input control pin u_code_memory/u_inferred_bram/rsp_rdata_q_reg_0/ADDRARDADDR[14] (net: u_code_memory/u_inferred_bram/ADDRARDADDR[13]) which is driven by a register (u_soc/u_crossbar/master_busy_q_reg[0]) that has an active asychronous set or reset. This may cause corruption of the memory contents and/or read values when the set/reset is asserted and is not analyzed by the default static timing analysis. It is suggested to eliminate the use of a set/reset to registers driving this RAMB pin or else use a synchronous reset in which the assertion of the reset is timed by default.
Related violations: <none>

REQP-1839#3 Warning
RAMB36 async control check  
The RAMB36E1 u_code_memory/u_inferred_bram/rsp_rdata_q_reg_0 has an input control pin u_code_memory/u_inferred_bram/rsp_rdata_q_reg_0/ADDRARDADDR[14] (net: u_code_memory/u_inferred_bram/ADDRARDADDR[13]) which is driven by a register (u_soc/u_crossbar/master_busy_q_reg[1]) that has an active asychronous set or reset. This may cause corruption of the memory contents and/or read values when the set/reset is asserted and is not analyzed by the default static timing analysis. It is suggested to eliminate the use of a set/reset to registers driving this RAMB pin or else use a synchronous reset in which the assertion of the reset is timed by default.
Related violations: <none>

REQP-1839#4 Warning
RAMB36 async control check  
The RAMB36E1 u_code_memory/u_inferred_bram/rsp_rdata_q_reg_0 has an input control pin u_code_memory/u_inferred_bram/rsp_rdata_q_reg_0/ADDRARDADDR[14] (net: u_code_memory/u_inferred_bram/ADDRARDADDR[13]) which is driven by a register (u_soc/u_crossbar/prefer_m1_q_reg[0]) that has an active asychronous set or reset. This may cause corruption of the memory contents and/or read values when the set/reset is asserted and is not analyzed by the default static timing analysis. It is suggested to eliminate the use of a set/reset to registers driving this RAMB pin or else use a synchronous reset in which the assertion of the reset is timed by default.
Related violations: <none>

REQP-1839#5 Warning
RAMB36 async control check  
The RAMB36E1 u_code_memory/u_inferred_bram/rsp_rdata_q_reg_0 has an input control pin u_code_memory/u_inferred_bram/rsp_rdata_q_reg_0/ADDRARDADDR[14] (net: u_code_memory/u_inferred_bram/ADDRARDADDR[13]) which is driven by a register (u_soc/u_crossbar/prefer_m1_q_reg[1]) that has an active asychronous set or reset. This may cause corruption of the memory contents and/or read values when the set/reset is asserted and is not analyzed by the default static timing analysis. It is suggested to eliminate the use of a set/reset to registers driving this RAMB pin or else use a synchronous reset in which the assertion of the reset is timed by default.
Related violations: <none>

REQP-1839#6 Warning
RAMB36 async control check  
The RAMB36E1 u_code_memory/u_inferred_bram/rsp_rdata_q_reg_0 has an input control pin u_code_memory/u_inferred_bram/rsp_rdata_q_reg_0/ADDRARDADDR[14] (net: u_code_memory/u_inferred_bram/ADDRARDADDR[13]) which is driven by a register (u_soc/u_crossbar/prefer_m1_q_reg[2]) that has an active asychronous set or reset. This may cause corruption of the memory contents and/or read values when the set/reset is asserted and is not analyzed by the default static timing analysis. It is suggested to eliminate the use of a set/reset to registers driving this RAMB pin or else use a synchronous reset in which the assertion of the reset is timed by default.
Related violations: <none>

REQP-1839#7 Warning
RAMB36 async control check  
The RAMB36E1 u_code_memory/u_inferred_bram/rsp_rdata_q_reg_0 has an input control pin u_code_memory/u_inferred_bram/rsp_rdata_q_reg_0/ADDRARDADDR[14] (net: u_code_memory/u_inferred_bram/ADDRARDADDR[13]) which is driven by a register (u_soc/u_crossbar/prefer_m1_q_reg[3]) that has an active asychronous set or reset. This may cause corruption of the memory contents and/or read values when the set/reset is asserted and is not analyzed by the default static timing analysis. It is suggested to eliminate the use of a set/reset to registers driving this RAMB pin or else use a synchronous reset in which the assertion of the reset is timed by default.
Related violations: <none>

REQP-1839#8 Warning
RAMB36 async control check  
The RAMB36E1 u_code_memory/u_inferred_bram/rsp_rdata_q_reg_0 has an input control pin u_code_memory/u_inferred_bram/rsp_rdata_q_reg_0/ADDRARDADDR[14] (net: u_code_memory/u_inferred_bram/ADDRARDADDR[13]) which is driven by a register (u_soc/u_crossbar/prefer_m1_q_reg[4]) that has an active asychronous set or reset. This may cause corruption of the memory contents and/or read values when the set/reset is asserted and is not analyzed by the default static timing analysis. It is suggested to eliminate the use of a set/reset to registers driving this RAMB pin or else use a synchronous reset in which the assertion of the reset is timed by default.
Related violations: <none>

REQP-1839#9 Warning
RAMB36 async control check  
The RAMB36E1 u_code_memory/u_inferred_bram/rsp_rdata_q_reg_0 has an input control pin u_code_memory/u_inferred_bram/rsp_rdata_q_reg_0/ADDRARDADDR[14] (net: u_code_memory/u_inferred_bram/ADDRARDADDR[13]) which is driven by a register (u_soc/u_crossbar/prefer_m1_q_reg[5]) that has an active asychronous set or reset. This may cause corruption of the memory contents and/or read values when the set/reset is asserted and is not analyzed by the default static timing analysis. It is suggested to eliminate the use of a set/reset to registers driving this RAMB pin or else use a synchronous reset in which the assertion of the reset is timed by default.
Related violations: <none>

REQP-1839#10 Warning
RAMB36 async control check  
The RAMB36E1 u_code_memory/u_inferred_bram/rsp_rdata_q_reg_0 has an input control pin u_code_memory/u_inferred_bram/rsp_rdata_q_reg_0/ADDRARDADDR[14] (net: u_code_memory/u_inferred_bram/ADDRARDADDR[13]) which is driven by a register (u_soc/u_crossbar/slave_busy_q_reg[0]) that has an active asychronous set or reset. This may cause corruption of the memory contents and/or read values when the set/reset is asserted and is not analyzed by the default static timing analysis. It is suggested to eliminate the use of a set/reset to registers driving this RAMB pin or else use a synchronous reset in which the assertion of the reset is timed by default.
Related violations: <none>

REQP-1839#11 Warning
RAMB36 async control check  
The RAMB36E1 u_code_memory/u_inferred_bram/rsp_rdata_q_reg_0 has an input control pin u_code_memory/u_inferred_bram/rsp_rdata_q_reg_0/ADDRARDADDR[14] (net: u_code_memory/u_inferred_bram/ADDRARDADDR[13]) which is driven by a register (u_soc/u_crossbar/slave_busy_q_reg[1]) that has an active asychronous set or reset. This may cause corruption of the memory contents and/or read values when the set/reset is asserted and is not analyzed by the default static timing analysis. It is suggested to eliminate the use of a set/reset to registers driving this RAMB pin or else use a synchronous reset in which the assertion of the reset is timed by default.
Related violations: <none>

REQP-1839#12 Warning
RAMB36 async control check  
The RAMB36E1 u_code_memory/u_inferred_bram/rsp_rdata_q_reg_0 has an input control pin u_code_memory/u_inferred_bram/rsp_rdata_q_reg_0/ADDRARDADDR[14] (net: u_code_memory/u_inferred_bram/ADDRARDADDR[13]) which is driven by a register (u_soc/u_crossbar/slave_busy_q_reg[2]) that has an active asychronous set or reset. This may cause corruption of the memory contents and/or read values when the set/reset is asserted and is not analyzed by the default static timing analysis. It is suggested to eliminate the use of a set/reset to registers driving this RAMB pin or else use a synchronous reset in which the assertion of the reset is timed by default.
Related violations: <none>

REQP-1839#13 Warning
RAMB36 async control check  
The RAMB36E1 u_code_memory/u_inferred_bram/rsp_rdata_q_reg_0 has an input control pin u_code_memory/u_inferred_bram/rsp_rdata_q_reg_0/ADDRARDADDR[14] (net: u_code_memory/u_inferred_bram/ADDRARDADDR[13]) which is driven by a register (u_soc/u_crossbar/slave_busy_q_reg[3]) that has an active asychronous set or reset. This may cause corruption of the memory contents and/or read values when the set/reset is asserted and is not analyzed by the default static timing analysis. It is suggested to eliminate the use of a set/reset to registers driving this RAMB pin or else use a synchronous reset in which the assertion of the reset is timed by default.
Related violations: <none>

REQP-1839#14 Warning
RAMB36 async control check  
The RAMB36E1 u_code_memory/u_inferred_bram/rsp_rdata_q_reg_0 has an input control pin u_code_memory/u_inferred_bram/rsp_rdata_q_reg_0/ADDRARDADDR[14] (net: u_code_memory/u_inferred_bram/ADDRARDADDR[13]) which is driven by a register (u_soc/u_crossbar/slave_busy_q_reg[4]) that has an active asychronous set or reset. This may cause corruption of the memory contents and/or read values when the set/reset is asserted and is not analyzed by the default static timing analysis. It is suggested to eliminate the use of a set/reset to registers driving this RAMB pin or else use a synchronous reset in which the assertion of the reset is timed by default.
Related violations: <none>

REQP-1839#15 Warning
RAMB36 async control check  
The RAMB36E1 u_code_memory/u_inferred_bram/rsp_rdata_q_reg_0 has an input control pin u_code_memory/u_inferred_bram/rsp_rdata_q_reg_0/ADDRARDADDR[14] (net: u_code_memory/u_inferred_bram/ADDRARDADDR[13]) which is driven by a register (u_soc/u_crossbar/slave_busy_q_reg[5]) that has an active asychronous set or reset. This may cause corruption of the memory contents and/or read values when the set/reset is asserted and is not analyzed by the default static timing analysis. It is suggested to eliminate the use of a set/reset to registers driving this RAMB pin or else use a synchronous reset in which the assertion of the reset is timed by default.
Related violations: <none>

REQP-1839#16 Warning
RAMB36 async control check  
The RAMB36E1 u_code_memory/u_inferred_bram/rsp_rdata_q_reg_0 has an input control pin u_code_memory/u_inferred_bram/rsp_rdata_q_reg_0/ADDRARDADDR[14] (net: u_code_memory/u_inferred_bram/ADDRARDADDR[13]) which is driven by a register (u_soc/u_irq/enable_q_reg[0]) that has an active asychronous set or reset. This may cause corruption of the memory contents and/or read values when the set/reset is asserted and is not analyzed by the default static timing analysis. It is suggested to eliminate the use of a set/reset to registers driving this RAMB pin or else use a synchronous reset in which the assertion of the reset is timed by default.
Related violations: <none>

REQP-1839#17 Warning
RAMB36 async control check  
The RAMB36E1 u_code_memory/u_inferred_bram/rsp_rdata_q_reg_0 has an input control pin u_code_memory/u_inferred_bram/rsp_rdata_q_reg_0/ADDRARDADDR[14] (net: u_code_memory/u_inferred_bram/ADDRARDADDR[13]) which is driven by a register (u_soc/u_irq/pending_q_reg[0]) that has an active asychronous set or reset. This may cause corruption of the memory contents and/or read values when the set/reset is asserted and is not analyzed by the default static timing analysis. It is suggested to eliminate the use of a set/reset to registers driving this RAMB pin or else use a synchronous reset in which the assertion of the reset is timed by default.
Related violations: <none>

REQP-1839#18 Warning
RAMB36 async control check  
The RAMB36E1 u_code_memory/u_inferred_bram/rsp_rdata_q_reg_0 has an input control pin u_code_memory/u_inferred_bram/rsp_rdata_q_reg_0/ADDRARDADDR[14] (net: u_code_memory/u_inferred_bram/ADDRARDADDR[13]) which is driven by a register (u_soc/u_irq/software_q_reg) that has an active asychronous set or reset. This may cause corruption of the memory contents and/or read values when the set/reset is asserted and is not analyzed by the default static timing analysis. It is suggested to eliminate the use of a set/reset to registers driving this RAMB pin or else use a synchronous reset in which the assertion of the reset is timed by default.
Related violations: <none>

REQP-1839#19 Warning
RAMB36 async control check  
The RAMB36E1 u_code_memory/u_inferred_bram/rsp_rdata_q_reg_0 has an input control pin u_code_memory/u_inferred_bram/rsp_rdata_q_reg_0/ADDRARDADDR[14] (net: u_code_memory/u_inferred_bram/ADDRARDADDR[13]) which is driven by a register (u_soc/u_timer/control_q_reg[1]) that has an active asychronous set or reset. This may cause corruption of the memory contents and/or read values when the set/reset is asserted and is not analyzed by the default static timing analysis. It is suggested to eliminate the use of a set/reset to registers driving this RAMB pin or else use a synchronous reset in which the assertion of the reset is timed by default.
Related violations: <none>

REQP-1839#20 Warning
RAMB36 async control check  
The RAMB36E1 u_code_memory/u_inferred_bram/rsp_rdata_q_reg_0 has an input control pin u_code_memory/u_inferred_bram/rsp_rdata_q_reg_0/ADDRARDADDR[14] (net: u_code_memory/u_inferred_bram/ADDRARDADDR[13]) which is driven by a register (u_soc/u_timer/mtime_q_reg[26]) that has an active asychronous set or reset. This may cause corruption of the memory contents and/or read values when the set/reset is asserted and is not analyzed by the default static timing analysis. It is suggested to eliminate the use of a set/reset to registers driving this RAMB pin or else use a synchronous reset in which the assertion of the reset is timed by default.
Related violations: <none>

REQP-1840#1 Warning
RAMB18 async control check  
The RAMB18E1 u_soc/u_cpu/u_core/u_core/u_dcache/u_tag_bank/mem_q_reg has an input control pin u_soc/u_cpu/u_core/u_core/u_dcache/u_tag_bank/mem_q_reg/ADDRBWRADDR[13] (net: u_soc/u_cpu/u_core/u_core/u_dcache/u_tag_bank/dc_req_addr[12]) which is driven by a register (u_soc/u_irq/enable_q_reg[0]) that has an active asychronous set or reset. This may cause corruption of the memory contents and/or read values when the set/reset is asserted and is not analyzed by the default static timing analysis. It is suggested to eliminate the use of a set/reset to registers driving this RAMB pin or else use a synchronous reset in which the assertion of the reset is timed by default.
Related violations: <none>

REQP-1840#2 Warning
RAMB18 async control check  
The RAMB18E1 u_soc/u_cpu/u_core/u_core/u_dcache/u_tag_bank/mem_q_reg has an input control pin u_soc/u_cpu/u_core/u_core/u_dcache/u_tag_bank/mem_q_reg/ADDRBWRADDR[13] (net: u_soc/u_cpu/u_core/u_core/u_dcache/u_tag_bank/dc_req_addr[12]) which is driven by a register (u_soc/u_irq/pending_q_reg[0]) that has an active asychronous set or reset. This may cause corruption of the memory contents and/or read values when the set/reset is asserted and is not analyzed by the default static timing analysis. It is suggested to eliminate the use of a set/reset to registers driving this RAMB pin or else use a synchronous reset in which the assertion of the reset is timed by default.
Related violations: <none>

REQP-1840#3 Warning
RAMB18 async control check  
The RAMB18E1 u_soc/u_cpu/u_core/u_core/u_dcache/u_tag_bank/mem_q_reg has an input control pin u_soc/u_cpu/u_core/u_core/u_dcache/u_tag_bank/mem_q_reg/ADDRBWRADDR[13] (net: u_soc/u_cpu/u_core/u_core/u_dcache/u_tag_bank/dc_req_addr[12]) which is driven by a register (u_soc/u_irq/software_q_reg) that has an active asychronous set or reset. This may cause corruption of the memory contents and/or read values when the set/reset is asserted and is not analyzed by the default static timing analysis. It is suggested to eliminate the use of a set/reset to registers driving this RAMB pin or else use a synchronous reset in which the assertion of the reset is timed by default.
Related violations: <none>

REQP-1840#4 Warning
RAMB18 async control check  
The RAMB18E1 u_soc/u_cpu/u_core/u_core/u_dcache/u_tag_bank/mem_q_reg has an input control pin u_soc/u_cpu/u_core/u_core/u_dcache/u_tag_bank/mem_q_reg/ADDRBWRADDR[13] (net: u_soc/u_cpu/u_core/u_core/u_dcache/u_tag_bank/dc_req_addr[12]) which is driven by a register (u_soc/u_timer/control_q_reg[1]) that has an active asychronous set or reset. This may cause corruption of the memory contents and/or read values when the set/reset is asserted and is not analyzed by the default static timing analysis. It is suggested to eliminate the use of a set/reset to registers driving this RAMB pin or else use a synchronous reset in which the assertion of the reset is timed by default.
Related violations: <none>

REQP-1840#5 Warning
RAMB18 async control check  
The RAMB18E1 u_soc/u_cpu/u_core/u_core/u_dcache/u_tag_bank/mem_q_reg has an input control pin u_soc/u_cpu/u_core/u_core/u_dcache/u_tag_bank/mem_q_reg/ADDRBWRADDR[13] (net: u_soc/u_cpu/u_core/u_core/u_dcache/u_tag_bank/dc_req_addr[12]) which is driven by a register (u_soc/u_timer/mtime_q_reg[13]) that has an active asychronous set or reset. This may cause corruption of the memory contents and/or read values when the set/reset is asserted and is not analyzed by the default static timing analysis. It is suggested to eliminate the use of a set/reset to registers driving this RAMB pin or else use a synchronous reset in which the assertion of the reset is timed by default.
Related violations: <none>

REQP-1840#6 Warning
RAMB18 async control check  
The RAMB18E1 u_soc/u_cpu/u_core/u_core/u_dcache/u_tag_bank/mem_q_reg has an input control pin u_soc/u_cpu/u_core/u_core/u_dcache/u_tag_bank/mem_q_reg/ADDRBWRADDR[13] (net: u_soc/u_cpu/u_core/u_core/u_dcache/u_tag_bank/dc_req_addr[12]) which is driven by a register (u_soc/u_timer/mtime_q_reg[14]) that has an active asychronous set or reset. This may cause corruption of the memory contents and/or read values when the set/reset is asserted and is not analyzed by the default static timing analysis. It is suggested to eliminate the use of a set/reset to registers driving this RAMB pin or else use a synchronous reset in which the assertion of the reset is timed by default.
Related violations: <none>

REQP-1840#7 Warning
RAMB18 async control check  
The RAMB18E1 u_soc/u_cpu/u_core/u_core/u_dcache/u_tag_bank/mem_q_reg has an input control pin u_soc/u_cpu/u_core/u_core/u_dcache/u_tag_bank/mem_q_reg/ADDRBWRADDR[13] (net: u_soc/u_cpu/u_core/u_core/u_dcache/u_tag_bank/dc_req_addr[12]) which is driven by a register (u_soc/u_timer/mtime_q_reg[16]) that has an active asychronous set or reset. This may cause corruption of the memory contents and/or read values when the set/reset is asserted and is not analyzed by the default static timing analysis. It is suggested to eliminate the use of a set/reset to registers driving this RAMB pin or else use a synchronous reset in which the assertion of the reset is timed by default.
Related violations: <none>

REQP-1840#8 Warning
RAMB18 async control check  
The RAMB18E1 u_soc/u_cpu/u_core/u_core/u_dcache/u_tag_bank/mem_q_reg has an input control pin u_soc/u_cpu/u_core/u_core/u_dcache/u_tag_bank/mem_q_reg/ADDRBWRADDR[13] (net: u_soc/u_cpu/u_core/u_core/u_dcache/u_tag_bank/dc_req_addr[12]) which is driven by a register (u_soc/u_timer/mtime_q_reg[17]) that has an active asychronous set or reset. This may cause corruption of the memory contents and/or read values when the set/reset is asserted and is not analyzed by the default static timing analysis. It is suggested to eliminate the use of a set/reset to registers driving this RAMB pin or else use a synchronous reset in which the assertion of the reset is timed by default.
Related violations: <none>

REQP-1840#9 Warning
RAMB18 async control check  
The RAMB18E1 u_soc/u_cpu/u_core/u_core/u_dcache/u_tag_bank/mem_q_reg has an input control pin u_soc/u_cpu/u_core/u_core/u_dcache/u_tag_bank/mem_q_reg/ADDRBWRADDR[13] (net: u_soc/u_cpu/u_core/u_core/u_dcache/u_tag_bank/dc_req_addr[12]) which is driven by a register (u_soc/u_timer/mtime_q_reg[19]) that has an active asychronous set or reset. This may cause corruption of the memory contents and/or read values when the set/reset is asserted and is not analyzed by the default static timing analysis. It is suggested to eliminate the use of a set/reset to registers driving this RAMB pin or else use a synchronous reset in which the assertion of the reset is timed by default.
Related violations: <none>

REQP-1840#10 Warning
RAMB18 async control check  
The RAMB18E1 u_soc/u_cpu/u_core/u_core/u_dcache/u_tag_bank/mem_q_reg has an input control pin u_soc/u_cpu/u_core/u_core/u_dcache/u_tag_bank/mem_q_reg/ADDRBWRADDR[13] (net: u_soc/u_cpu/u_core/u_core/u_dcache/u_tag_bank/dc_req_addr[12]) which is driven by a register (u_soc/u_timer/mtime_q_reg[1]) that has an active asychronous set or reset. This may cause corruption of the memory contents and/or read values when the set/reset is asserted and is not analyzed by the default static timing analysis. It is suggested to eliminate the use of a set/reset to registers driving this RAMB pin or else use a synchronous reset in which the assertion of the reset is timed by default.
Related violations: <none>

REQP-1840#11 Warning
RAMB18 async control check  
The RAMB18E1 u_soc/u_cpu/u_core/u_core/u_dcache/u_tag_bank/mem_q_reg has an input control pin u_soc/u_cpu/u_core/u_core/u_dcache/u_tag_bank/mem_q_reg/ADDRBWRADDR[13] (net: u_soc/u_cpu/u_core/u_core/u_dcache/u_tag_bank/dc_req_addr[12]) which is driven by a register (u_soc/u_timer/mtime_q_reg[20]) that has an active asychronous set or reset. This may cause corruption of the memory contents and/or read values when the set/reset is asserted and is not analyzed by the default static timing analysis. It is suggested to eliminate the use of a set/reset to registers driving this RAMB pin or else use a synchronous reset in which the assertion of the reset is timed by default.
Related violations: <none>

REQP-1840#12 Warning
RAMB18 async control check  
The RAMB18E1 u_soc/u_cpu/u_core/u_core/u_dcache/u_tag_bank/mem_q_reg has an input control pin u_soc/u_cpu/u_core/u_core/u_dcache/u_tag_bank/mem_q_reg/ADDRBWRADDR[13] (net: u_soc/u_cpu/u_core/u_core/u_dcache/u_tag_bank/dc_req_addr[12]) which is driven by a register (u_soc/u_timer/mtime_q_reg[25]) that has an active asychronous set or reset. This may cause corruption of the memory contents and/or read values when the set/reset is asserted and is not analyzed by the default static timing analysis. It is suggested to eliminate the use of a set/reset to registers driving this RAMB pin or else use a synchronous reset in which the assertion of the reset is timed by default.
Related violations: <none>

REQP-1840#13 Warning
RAMB18 async control check  
The RAMB18E1 u_soc/u_cpu/u_core/u_core/u_dcache/u_tag_bank/mem_q_reg has an input control pin u_soc/u_cpu/u_core/u_core/u_dcache/u_tag_bank/mem_q_reg/ADDRBWRADDR[13] (net: u_soc/u_cpu/u_core/u_core/u_dcache/u_tag_bank/dc_req_addr[12]) which is driven by a register (u_soc/u_timer/mtime_q_reg[26]) that has an active asychronous set or reset. This may cause corruption of the memory contents and/or read values when the set/reset is asserted and is not analyzed by the default static timing analysis. It is suggested to eliminate the use of a set/reset to registers driving this RAMB pin or else use a synchronous reset in which the assertion of the reset is timed by default.
Related violations: <none>

REQP-1840#14 Warning
RAMB18 async control check  
The RAMB18E1 u_soc/u_cpu/u_core/u_core/u_dcache/u_tag_bank/mem_q_reg has an input control pin u_soc/u_cpu/u_core/u_core/u_dcache/u_tag_bank/mem_q_reg/ADDRBWRADDR[13] (net: u_soc/u_cpu/u_core/u_core/u_dcache/u_tag_bank/dc_req_addr[12]) which is driven by a register (u_soc/u_timer/mtime_q_reg[27]) that has an active asychronous set or reset. This may cause corruption of the memory contents and/or read values when the set/reset is asserted and is not analyzed by the default static timing analysis. It is suggested to eliminate the use of a set/reset to registers driving this RAMB pin or else use a synchronous reset in which the assertion of the reset is timed by default.
Related violations: <none>

REQP-1840#15 Warning
RAMB18 async control check  
The RAMB18E1 u_soc/u_cpu/u_core/u_core/u_dcache/u_tag_bank/mem_q_reg has an input control pin u_soc/u_cpu/u_core/u_core/u_dcache/u_tag_bank/mem_q_reg/ADDRBWRADDR[13] (net: u_soc/u_cpu/u_core/u_core/u_dcache/u_tag_bank/dc_req_addr[12]) which is driven by a register (u_soc/u_timer/mtime_q_reg[28]) that has an active asychronous set or reset. This may cause corruption of the memory contents and/or read values when the set/reset is asserted and is not analyzed by the default static timing analysis. It is suggested to eliminate the use of a set/reset to registers driving this RAMB pin or else use a synchronous reset in which the assertion of the reset is timed by default.
Related violations: <none>

REQP-1840#16 Warning
RAMB18 async control check  
The RAMB18E1 u_soc/u_cpu/u_core/u_core/u_dcache/u_tag_bank/mem_q_reg has an input control pin u_soc/u_cpu/u_core/u_core/u_dcache/u_tag_bank/mem_q_reg/ADDRBWRADDR[13] (net: u_soc/u_cpu/u_core/u_core/u_dcache/u_tag_bank/dc_req_addr[12]) which is driven by a register (u_soc/u_timer/mtime_q_reg[2]) that has an active asychronous set or reset. This may cause corruption of the memory contents and/or read values when the set/reset is asserted and is not analyzed by the default static timing analysis. It is suggested to eliminate the use of a set/reset to registers driving this RAMB pin or else use a synchronous reset in which the assertion of the reset is timed by default.
Related violations: <none>

REQP-1840#17 Warning
RAMB18 async control check  
The RAMB18E1 u_soc/u_cpu/u_core/u_core/u_dcache/u_tag_bank/mem_q_reg has an input control pin u_soc/u_cpu/u_core/u_core/u_dcache/u_tag_bank/mem_q_reg/ADDRBWRADDR[13] (net: u_soc/u_cpu/u_core/u_core/u_dcache/u_tag_bank/dc_req_addr[12]) which is driven by a register (u_soc/u_timer/mtime_q_reg[30]) that has an active asychronous set or reset. This may cause corruption of the memory contents and/or read values when the set/reset is asserted and is not analyzed by the default static timing analysis. It is suggested to eliminate the use of a set/reset to registers driving this RAMB pin or else use a synchronous reset in which the assertion of the reset is timed by default.
Related violations: <none>

REQP-1840#18 Warning
RAMB18 async control check  
The RAMB18E1 u_soc/u_cpu/u_core/u_core/u_dcache/u_tag_bank/mem_q_reg has an input control pin u_soc/u_cpu/u_core/u_core/u_dcache/u_tag_bank/mem_q_reg/ADDRBWRADDR[13] (net: u_soc/u_cpu/u_core/u_core/u_dcache/u_tag_bank/dc_req_addr[12]) which is driven by a register (u_soc/u_timer/mtime_q_reg[31]) that has an active asychronous set or reset. This may cause corruption of the memory contents and/or read values when the set/reset is asserted and is not analyzed by the default static timing analysis. It is suggested to eliminate the use of a set/reset to registers driving this RAMB pin or else use a synchronous reset in which the assertion of the reset is timed by default.
Related violations: <none>

REQP-1840#19 Warning
RAMB18 async control check  
The RAMB18E1 u_soc/u_cpu/u_core/u_core/u_dcache/u_tag_bank/mem_q_reg has an input control pin u_soc/u_cpu/u_core/u_core/u_dcache/u_tag_bank/mem_q_reg/ADDRBWRADDR[13] (net: u_soc/u_cpu/u_core/u_core/u_dcache/u_tag_bank/dc_req_addr[12]) which is driven by a register (u_soc/u_timer/mtime_q_reg[32]) that has an active asychronous set or reset. This may cause corruption of the memory contents and/or read values when the set/reset is asserted and is not analyzed by the default static timing analysis. It is suggested to eliminate the use of a set/reset to registers driving this RAMB pin or else use a synchronous reset in which the assertion of the reset is timed by default.
Related violations: <none>

REQP-1840#20 Warning
RAMB18 async control check  
The RAMB18E1 u_soc/u_cpu/u_core/u_core/u_dcache/u_tag_bank/mem_q_reg has an input control pin u_soc/u_cpu/u_core/u_core/u_dcache/u_tag_bank/mem_q_reg/ADDRBWRADDR[13] (net: u_soc/u_cpu/u_core/u_core/u_dcache/u_tag_bank/dc_req_addr[12]) which is driven by a register (u_soc/u_timer/mtime_q_reg[33]) that has an active asychronous set or reset. This may cause corruption of the memory contents and/or read values when the set/reset is asserted and is not analyzed by the default static timing analysis. It is suggested to eliminate the use of a set/reset to registers driving this RAMB pin or else use a synchronous reset in which the assertion of the reset is timed by default.
Related violations: <none>


