
Discarded input sections

 .text          0x00000000        0x0 /tmp/ccxE2mko.o
 .bss           0x00000000        0x0 /tmp/ccxE2mko.o

Memory Configuration

Name             Origin             Length             Attributes
CODE             0x00000000         0x00010000         xr
DATA             0x10000000         0x00010000         xrw
*default*        0x00000000         0xffffffff

Linker script and memory map

LOAD /tmp/ccxE2mko.o
                0x00000000                        SOCRV_CODE_ORIGIN = 0x0
                0x00010000                        SOCRV_CODE_LENGTH = 0x10000
                0x10000000                        SOCRV_DATA_ORIGIN = 0x10000000
                0x00010000                        SOCRV_DATA_LENGTH = 0x10000

.text           0x00000000      0x2ec
 *(.text.init)
 .text.init     0x00000000      0x2ec /tmp/ccxE2mko.o
                0x00000000                _start
 *(.text .text.*)
 *(.rodata .rodata.*)
                0x000002ec                        . = ALIGN (0x4)
                0x000002ec                        __code_end = .

.rela.dyn       0x000002ec        0x0
 .rela.text.init
                0x000002ec        0x0 /tmp/ccxE2mko.o

.data           0x10000000       0xc0
 *(.data .data.*)
 .data          0x10000000       0xc0 /tmp/ccxE2mko.o
                0x100000c0                end_signature
                0x100000c0                begin_signature
 *(.sdata .sdata.*)
                0x100000c0                        . = ALIGN (0x10)
                0x100000c0                        __data_end = .

.bss            0x100000c0        0x0
 *(.sbss .sbss.*)
 *(.bss .bss.*)
 *(COMMON)
                0x100000c0                        . = ALIGN (0x10)
                0x100000c0                        __bss_end = .
                0x00000001                        ASSERT ((__code_end <= (ORIGIN (CODE) + LENGTH (CODE))), CODE region overflow)
                0x00000001                        ASSERT ((__bss_end <= (ORIGIN (DATA) + LENGTH (DATA))), DATA region overflow)
OUTPUT(build/isa-data/generated/rv32uf/fmadd/firmware.elf elf32-littleriscv)

.riscv.attributes
                0x00000000       0x3a
 .riscv.attributes
                0x00000000       0x3a /tmp/ccxE2mko.o
